apiVersion: v1
kind: ServiceAccount
metadata:
  labels:
    app.kubernetes.io/component: rbac
    app.kubernetes.io/name: espejote-rbac-sync
  name: espejote-rbac-sync
  namespace: syn-espejote
---
apiVersion: rbac.authorization.k8s.io/v1
kind: ClusterRole
metadata:
  labels:
    app.kubernetes.io/component: rbac
    app.kubernetes.io/name: espejote-managedresource-rbac-sync
  name: espejote-managedresource-rbac-sync
rules:
  - apiGroups:
      - ''
    resources:
      - namespaces
    verbs:
      - get
      - list
      - watch
      - patch
  - apiGroups:
      - espejote.io
    resourceNames:
      - espejote-rbac-sync
    resources:
      - jsonnetlibraries
    verbs:
      - get
      - list
      - watch
  - apiGroups:
      - rbac.authorization.k8s.io
    resources:
      - roles
      - rolebindings
    verbs:
      - get
      - list
      - watch
      - patch
      - create
      - delete
---
apiVersion: rbac.authorization.k8s.io/v1
kind: ClusterRoleBinding
metadata:
  labels:
    app.kubernetes.io/component: rbac
    app.kubernetes.io/name: espejote-managedresource-rbac-sync
  name: espejote-managedresource-rbac-sync
roleRef:
  apiGroup: rbac.authorization.k8s.io
  kind: ClusterRole
  name: espejote-managedresource-rbac-sync
subjects:
  - kind: ServiceAccount
    name: espejote-rbac-sync
    namespace: syn-espejote
