apiVersion: rbac.authorization.k8s.io/v1
kind: RoleBinding
metadata:
  annotations: {}
  labels:
    name: raw
  name: raw
  namespace: foo
roleRef:
  apiGroup: rbac.authorization.k8s.io
  kind: Role
  name: raw
subjects:
  - kind: ServiceAccount
    name: bar
    namespace: foo
