apiVersion: rbac.authorization.k8s.io/v1
kind: Role
metadata:
  annotations: {}
  labels:
    name: raw
  name: raw
  namespace: foo
rules:
  - apiGroups:
      - ''
    resources:
      - configmaps
    verbs:
      - create
