apiVersion: v1
kind: ServiceAccount
metadata:
  annotations: {}
  labels:
    foo: 'false'
    name: bar
  name: bar
  namespace: foo
