apiVersion: v1
kind: Secret
metadata:
  annotations:
    kubernetes.io/service-account.name: buzz
  labels:
    name: buzz
  name: buzz
  namespace: syn-serviceaccounts
type: kubernetes.io/service-account-token
---
apiVersion: v1
kind: Secret
metadata:
  annotations:
    kubernetes.io/service-account.name: bar
  labels:
    foo: 'false'
    name: bar
  name: bar
  namespace: foo
type: kubernetes.io/service-account-token
